# applied batch-5a

rows applied: 18 of 31 in the set(s)

A025 sections/environment-variables.md  +514 bytes  The script/Makefile-only knobs were undocumented; added as a short note after th
A262 sections/environment-variables.md  +94 bytes  NIF_AUTO_APPROVE also answers every `/limit` keep-going question (core's askCont
A298 sections/component-edit.md  +361 bytes  `E_STALE` staleness gate missing from the `edit` row. The quoted clause is still
A299 sections/component-edit.md  +446 bytes  State table has no row for the edit undo store; added after the Home / project f
A300 sections/component-edit.md  +469 bytes  Undo semantics undocumented; appended to the `undo_last_edit` clause of the edit
A301 sections/component-edit.md  +306 bytes  Unchanged-read stub missing from the read description; appended after the outlin
A302 sections/component-edit.md  +201 bytes  Read caps incomplete (only 'up to 12' was stated); the per-item and aggregate ca
A303 sections/component-edit.md  +415 bytes  Lazy project-instruction loading documented nowhere; added as a bullet to the sy
A306 sections/component-edit.md  +161 bytes  The edit/write distinction (edit never creates) was implied only by the error te
A386 sections/environment-variables.md  +276 bytes  Row's default cell stated the wrong resolution order; replaced with the real cha
A387 sections/environment-variables.md  +337 bytes  The provider object's other fields (`protocol`, `authType`, `accountId`, `stripP
A394 sections/environment-variables.md  +287 bytes  Row named the cap but not the mechanism; the retry-after parsing and the `; retr
A398 sections/environment-variables.md  +236 bytes  Kept the row, made the failure explicit (no key at all refuses before any HTTP r
A421 sections/environment-variables.md  +29 bytes  The old wording ('when higher') was wrong: any positive value wins unconditional
A440 sections/environment-variables.md  +183 bytes  Offline mode only stops the models.dev download; the cached/seed baseline, plugi
A441 sections/environment-variables.md  +215 bytes  While NIF_MODELS_PATH is set it *is* the baseline: no models.dev download even o
A442 sections/environment-variables.md  +62 bytes  A `0` TTL disables the cache window (every refresh refetches) — worth stating fo
A453 sections/environment-variables.md  +155 bytes  Truncation keeps a bounded tail, not 'its tail': min(2 MiB, cap div 2), and the 
